#
# A fatal error has been detected by the Java Runtime Environment:
#
#  SIGSEGV (0xb) at pc=0x0000000362f5ec8c, pid=90127, tid=94747
#
# JRE version: OpenJDK Runtime Environment Corretto-21.0.3.9.1 (21.0.3+9) (build 21.0.3+9-LTS)
# Java VM: OpenJDK 64-Bit Server VM Corretto-21.0.3.9.1 (21.0.3+9-LTS, mixed mode, sharing, tiered, compressed oops, compressed class ptrs, g1 gc, bsd-aarch64)
# Problematic frame:
# C  [libllvmstubs.dylib+0x1856c8c]  llvm::BranchProbabilityInfo::calculate(llvm::Function const&, llvm::LoopInfo const&, llvm::TargetLibraryInfo const*, llvm::DominatorTree*, llvm::PostDominatorTree*)+0x3e4
#
# No core dump will be written. Core dumps have been disabled. To enable core dumping, try "ulimit -c unlimited" before starting Java again
#
# If you would like to submit a bug report, please visit:
#   https://github.com/corretto/corretto-21/issues/
# The crash happened outside the Java Virtual Machine in native code.
# See problematic frame for where to report the bug.
#

---------------  S U M M A R Y ------------

Command Line: --add-opens=java.base/java.lang=ALL-UNNAMED --add-opens=java.base/java.lang.invoke=ALL-UNNAMED --add-opens=java.base/java.util=ALL-UNNAMED --add-opens=java.prefs/java.util.prefs=ALL-UNNAMED --add-exports=jdk.compiler/com.sun.tools.javac.api=ALL-UNNAMED --add-exports=jdk.compiler/com.sun.tools.javac.util=ALL-UNNAMED --add-opens=java.base/java.util=ALL-UNNAMED --add-opens=java.prefs/java.util.prefs=ALL-UNNAMED --add-opens=java.base/java.nio.charset=ALL-UNNAMED --add-opens=java.base/java.net=ALL-UNNAMED --add-opens=java.base/java.util.concurrent=ALL-UNNAMED --add-opens=java.base/java.util.concurrent.atomic=ALL-UNNAMED --add-opens=java.xml/javax.xml.namespace=ALL-UNNAMED --add-opens=java.base/java.time=ALL-UNNAMED -XX:MaxMetaspaceSize=3g -Xmx14g -Dfile.encoding=UTF-8 -Duser.country=CA -Duser.language=en -Duser.variant -javaagent:/Users/gil.goldzweig/.gradle/wrapper/dists/gradle-9.1.0-bin/9agqghryom9wkf8r80qlhnts3/gradle-9.1.0/lib/agents/gradle-instrumentation-agent-9.1.0.jar org.gradle.launcher.daemon.bootstrap.GradleDaemon 9.1.0

Host: "Mac15,6" arm64, 12 cores, 36G, Darwin 24.6.0, macOS 15.7.3 (24G419)
Time: Tue Feb  3 11:11:47 2026 MST elapsed time: 1206.722109 seconds (0d 0h 20m 6s)

---------------  T H R E A D  ---------------

Current thread (0x000000015a358200):  JavaThread "Execution worker Thread 7" [_thread_in_native, id=94747, stack(0x0000000339688000,0x000000033988b000) (2060K)]

Stack: [0x0000000339688000,0x000000033988b000],  sp=0x0000000339880b20,  free space=2018k
Native frames: (J=compiled Java code, j=interpreted, Vv=VM code, C=native code)
C  [libllvmstubs.dylib+0x1856c8c]  llvm::BranchProbabilityInfo::calculate(llvm::Function const&, llvm::LoopInfo const&, llvm::TargetLibraryInfo const*, llvm::DominatorTree*, llvm::PostDominatorTree*)+0x3e4
C  [libllvmstubs.dylib+0x9b091c]  llvm::detail::AnalysisPassModel<llvm::Function, llvm::BranchProbabilityAnalysis, llvm::AnalysisManager<llvm::Function>::Invalidator>::run(llvm::Function&, llvm::AnalysisManager<llvm::Function>&)+0x34
C  [libllvmstubs.dylib+0x1f63710]  llvm::AnalysisManager<llvm::Function>::getResultImpl(llvm::AnalysisKey*, llvm::Function&)+0x1c4
C  [libllvmstubs.dylib+0x184054c]  llvm::BlockFrequencyAnalysis::run(llvm::Function&, llvm::AnalysisManager<llvm::Function>&)+0x30
C  [libllvmstubs.dylib+0x9b075c]  llvm::detail::AnalysisPassModel<llvm::Function, llvm::BlockFrequencyAnalysis, llvm::AnalysisManager<llvm::Function>::Invalidator>::run(llvm::Function&, llvm::AnalysisManager<llvm::Function>&)+0x20
C  [libllvmstubs.dylib+0x1f63710]  llvm::AnalysisManager<llvm::Function>::getResultImpl(llvm::AnalysisKey*, llvm::Function&)+0x1c4
